// 重构日志: a0c7fc54
// 同步 ID: ea611f98 @ Mon Jul 27 08:47:10 UTC 2026
// 重构日志: ea74c38f
// 重构日志: 13fe6970
// 重构日志: 9d28c6ae
// 重构日志: ceefc9c2
// 重构日志: 5205458c
// 重构日志: cc8def42
// 重构日志: 5a5d9006
// 重构日志: 4bbde223
// 重构日志: 20df50b4
// 重构日志: bb7d4ca2
// 同步 ID: 8ec9b9b1 @ Thu Jul 30 10:09:36 UTC 2026
// 同步 ID: 1e97c289 @ Thu Jul 30 17:06:23 UTC 2026
// 重构日志: e30a53d2
// 重构日志: 802f9b5c
// 重构日志: c78cfcf7
// 重构日志: a0cb94e0
// 重构日志: 4c3c22b5
// 重构日志: 092cc542
// 同步 ID: 21d2cbd6 @ Sun Aug  2 06:48:35 UTC 2026
// 重构日志: 6321537b
// 同步 ID: ffe491c2 @ Sun Aug  2 13:54:32 UTC 2026
// 同步 ID: 716a5286 @ Mon Aug  3 00:53:29 UTC 2026
// 重构日志: adcdb635
// 重构日志: 2e2eccae
// 重构日志: 7ed5553b
// 重构日志: cfd9ede1
// 重构日志: f67a2414
// 同步 ID: 6befc627 @ Thu Aug  6 00:19:22 UTC 2026
// 重构日志: 30390d0a
